// Vitest Snapshot v1, https://vitest.dev/guide/snapshot.html

exports[`UpgradeTeaser > renders headline, description and pricing table 1`] = `
<div>
  <div
    class="flex w-full flex-col"
  >
    <h2
      class="antialiased font-inter text-xl sm:text-2xl font-bold text-black dark:text-white text-center"
    >
      Your pencil case is full
    </h2>
    <p
      class="antialiased font-inter text-sm font-normal text-pca-grey-900 dark:text-pca-grey-100 text-center mt-3"
    >
      Free fits three docs.
    </p>
    <div
      class="rounded-2xl bg-pca-yellow-500 p-6 shadow-lg shadow-pca-yellow-900/20 -rotate-1 transition-transform duration-300 ease-out hover:rotate-0 motion-reduce:transform-none motion-reduce:transition-none mt-6"
    >
      <p
        class="antialiased font-inter text-xs text-pca-yellow-900 dark:text-pca-yellow-900 font-bold uppercase tracking-[0.16em]"
      >
        pencil case pro
      </p>
      <p
        class="flex items-baseline gap-2 mt-1.5"
      >
        <span
          class="antialiased font-inter text-[28px] sm:text-4xl font-bold text-pca-grey-900 dark:text-pca-grey-900"
        >
          25 €
        </span>
        <span
          class="antialiased font-inter text-sm text-pca-yellow-900 dark:text-pca-yellow-900 font-medium"
        >
          / year
        </span>
      </p>
      <ul
        class="mt-4 flex flex-col gap-3"
      >
        <li
          class="flex items-center gap-2.5"
        >
          <svg
            aria-hidden="true"
            class="h-4.5 w-4.5 shrink-0 text-pca-grey-900"
            fill="transparent"
            focusable="false"
            height="24"
            viewBox="0 0 24 24"
            width="24"
            xmlns="http://www.w3.org/2000/svg"
          >
            <path
              d="M7.5 12L10.5 15L16.5 9M22 12C22 17.5228 17.5228 22 12 22C6.47715 22 2 17.5228 2 12C2 6.47715 6.47715 2 12 2C17.5228 2 22 6.47715 22 12Z"
              stroke="currentColor"
              stroke-linecap="round"
              stroke-linejoin="round"
              stroke-width="1.5"
            />
          </svg>
          <span
            class="antialiased font-inter text-sm text-pca-grey-900 dark:text-pca-grey-900 font-medium"
          >
            Unlimited docs
          </span>
        </li>
        <li
          class="flex items-center gap-2.5"
        >
          <svg
            aria-hidden="true"
            class="h-4.5 w-4.5 shrink-0 text-pca-grey-900"
            fill="transparent"
            focusable="false"
            height="24"
            viewBox="0 0 24 24"
            width="24"
            xmlns="http://www.w3.org/2000/svg"
          >
            <path
              d="M7.5 12L10.5 15L16.5 9M22 12C22 17.5228 17.5228 22 12 22C6.47715 22 2 17.5228 2 12C2 6.47715 6.47715 2 12 2C17.5228 2 22 6.47715 22 12Z"
              stroke="currentColor"
              stroke-linecap="round"
              stroke-linejoin="round"
              stroke-width="1.5"
            />
          </svg>
          <span
            class="antialiased font-inter text-sm text-pca-grey-900 dark:text-pca-grey-900 font-medium"
          >
            Access control for collaboration
          </span>
        </li>
        <li
          class="flex items-center gap-2.5"
        >
          <svg
            aria-hidden="true"
            class="h-4.5 w-4.5 shrink-0 text-pca-grey-900"
            fill="transparent"
            focusable="false"
            height="24"
            viewBox="0 0 24 24"
            width="24"
            xmlns="http://www.w3.org/2000/svg"
          >
            <path
              d="M7.5 12L10.5 15L16.5 9M22 12C22 17.5228 17.5228 22 12 22C6.47715 22 2 17.5228 2 12C2 6.47715 6.47715 2 12 2C17.5228 2 22 6.47715 22 12Z"
              stroke="currentColor"
              stroke-linecap="round"
              stroke-linejoin="round"
              stroke-width="1.5"
            />
          </svg>
          <span
            class="antialiased font-inter text-sm text-pca-grey-900 dark:text-pca-grey-900 font-medium"
          >
            Hosted in the EU
          </span>
        </li>
        <li
          class="flex items-center gap-2.5"
        >
          <svg
            aria-hidden="true"
            class="h-4.5 w-4.5 shrink-0 text-pca-grey-900"
            fill="transparent"
            focusable="false"
            height="24"
            viewBox="0 0 24 24"
            width="24"
            xmlns="http://www.w3.org/2000/svg"
          >
            <path
              d="M7.5 12L10.5 15L16.5 9M22 12C22 17.5228 17.5228 22 12 22C6.47715 22 2 17.5228 2 12C2 6.47715 6.47715 2 12 2C17.5228 2 22 6.47715 22 12Z"
              stroke="currentColor"
              stroke-linecap="round"
              stroke-linejoin="round"
              stroke-width="1.5"
            />
          </svg>
          <span
            class="antialiased font-inter text-sm text-pca-grey-900 dark:text-pca-grey-900 font-medium"
          >
            Support small tech
          </span>
        </li>
        <li
          class="flex items-center gap-2.5"
        >
          <svg
            aria-hidden="true"
            class="h-4.5 w-4.5 shrink-0 text-pca-grey-900"
            fill="transparent"
            focusable="false"
            height="24"
            viewBox="0 0 24 24"
            width="24"
            xmlns="http://www.w3.org/2000/svg"
          >
            <path
              d="M7.5 12L10.5 15L16.5 9M22 12C22 17.5228 17.5228 22 12 22C6.47715 22 2 17.5228 2 12C2 6.47715 6.47715 2 12 2C17.5228 2 22 6.47715 22 12Z"
              stroke="currentColor"
              stroke-linecap="round"
              stroke-linejoin="round"
              stroke-width="1.5"
            />
          </svg>
          <span
            class="antialiased font-inter text-sm text-pca-grey-900 dark:text-pca-grey-900 font-medium"
          >
            Support development
          </span>
        </li>
      </ul>
      <div
        class="mt-5"
      >
        <form
          action="/upgrade"
          data-discover="true"
          method="post"
        >
          <input
            name="csrf"
            type="hidden"
            value="test-token"
          />
          <button
            class="relative overflow-hidden active:scale-[0.97] flex items-center justify-center gap-2 transition-all duration-300 ease-in-out h-9 rounded-xl px-3 py-2 flex-row text-pca-white bg-pca-grey-900 hover:bg-pca-grey-800 focus:outline-hidden focus:ring-2 focus:ring-pca-grey-300 active:bg-pca-grey-800 dark:text-pca-grey-900 dark:bg-pca-white dark:hover:bg-pca-grey-300 dark:focus:outline-hidden dark:focus:ring-2 dark:focus:ring-pca-grey-300 dark:active:bg-pca-grey-300 w-full"
            type="submit"
          >
            <span
              class="antialiased font-inter text-sm text-pca-grey-900 dark:text-white font-medium text-inherit! leading-none"
            >
              Upgrade to Pro
            </span>
          </button>
        </form>
      </div>
      <p
        class="antialiased font-inter text-xs font-normal text-pca-yellow-900 dark:text-pca-yellow-900 text-center mt-3"
      >
        Secure checkout by Creem.
      </p>
    </div>
  </div>
</div>
`;
