// Vitest Snapshot v1, https://vitest.dev/guide/snapshot.html

exports[`matches snapshot 1`] = `
<div>
  <div
    class="flex flex-col gap-2 group"
  >
    <label
      class="antialiased font-inter text-sm text-pca-grey-900 dark:text-pca-grey-300 font-semibold"
      for="otp"
    >
      OTP
    </label>
    <noscript />
    <div
      class="flex justify-between w-full"
      data-input-otp-container="true"
      style="position: relative; cursor: text; user-select: none; pointer-events: none; --root-height: 0px;"
      translate="no"
    >
      <div
        aria-invalid="false"
        class="bg-white dark:bg-pca-grey-800/60 border border-pca-grey-900 dark:border-transparent transition-all duration-300 ease-in-out rounded-xl outline-0 p-3 text-sm font-inter text-pca-grey-900 dark:text-white hover:border-pca-blue-700 dark:hover:border-transparent dark:hover:bg-pca-grey-800 focus:border-pca-blue-700 dark:focus:border-pca-grey-700 dark:active:border-pca-grey-700 focus:ring-2 dark:focus:ring-0 active:ring-2 dark:active:ring-0 ring-pca-blue-300 dark:focus:bg-pca-grey-800 dark:active:bg-pca-grey-800 placeholder-pca-grey-400 dark:placeholder-pca-grey-500 placeholder-sm placeholder-font-inter disabled:pointer-events-none disabled:bg-pca-grey-100 dark:disabled:bg-pca-grey-800/30 disabled:border-pca-grey-200 dark:disabled:border-transparent disabled:placeholder-pca-grey-300 dark:disabled:placeholder-pca-grey-800 disabled:text-pca-grey-400 dark:disabled:text-pca-grey-600 w-11 h-11 text-center"
      />
      <div
        aria-invalid="false"
        class="bg-white dark:bg-pca-grey-800/60 border border-pca-grey-900 dark:border-transparent transition-all duration-300 ease-in-out rounded-xl outline-0 p-3 text-sm font-inter text-pca-grey-900 dark:text-white hover:border-pca-blue-700 dark:hover:border-transparent dark:hover:bg-pca-grey-800 focus:border-pca-blue-700 dark:focus:border-pca-grey-700 dark:active:border-pca-grey-700 focus:ring-2 dark:focus:ring-0 active:ring-2 dark:active:ring-0 ring-pca-blue-300 dark:focus:bg-pca-grey-800 dark:active:bg-pca-grey-800 placeholder-pca-grey-400 dark:placeholder-pca-grey-500 placeholder-sm placeholder-font-inter disabled:pointer-events-none disabled:bg-pca-grey-100 dark:disabled:bg-pca-grey-800/30 disabled:border-pca-grey-200 dark:disabled:border-transparent disabled:placeholder-pca-grey-300 dark:disabled:placeholder-pca-grey-800 disabled:text-pca-grey-400 dark:disabled:text-pca-grey-600 w-11 h-11 text-center"
      />
      <div
        aria-invalid="false"
        class="bg-white dark:bg-pca-grey-800/60 border border-pca-grey-900 dark:border-transparent transition-all duration-300 ease-in-out rounded-xl outline-0 p-3 text-sm font-inter text-pca-grey-900 dark:text-white hover:border-pca-blue-700 dark:hover:border-transparent dark:hover:bg-pca-grey-800 focus:border-pca-blue-700 dark:focus:border-pca-grey-700 dark:active:border-pca-grey-700 focus:ring-2 dark:focus:ring-0 active:ring-2 dark:active:ring-0 ring-pca-blue-300 dark:focus:bg-pca-grey-800 dark:active:bg-pca-grey-800 placeholder-pca-grey-400 dark:placeholder-pca-grey-500 placeholder-sm placeholder-font-inter disabled:pointer-events-none disabled:bg-pca-grey-100 dark:disabled:bg-pca-grey-800/30 disabled:border-pca-grey-200 dark:disabled:border-transparent disabled:placeholder-pca-grey-300 dark:disabled:placeholder-pca-grey-800 disabled:text-pca-grey-400 dark:disabled:text-pca-grey-600 w-11 h-11 text-center"
      />
      <div
        aria-invalid="false"
        class="bg-white dark:bg-pca-grey-800/60 border border-pca-grey-900 dark:border-transparent transition-all duration-300 ease-in-out rounded-xl outline-0 p-3 text-sm font-inter text-pca-grey-900 dark:text-white hover:border-pca-blue-700 dark:hover:border-transparent dark:hover:bg-pca-grey-800 focus:border-pca-blue-700 dark:focus:border-pca-grey-700 dark:active:border-pca-grey-700 focus:ring-2 dark:focus:ring-0 active:ring-2 dark:active:ring-0 ring-pca-blue-300 dark:focus:bg-pca-grey-800 dark:active:bg-pca-grey-800 placeholder-pca-grey-400 dark:placeholder-pca-grey-500 placeholder-sm placeholder-font-inter disabled:pointer-events-none disabled:bg-pca-grey-100 dark:disabled:bg-pca-grey-800/30 disabled:border-pca-grey-200 dark:disabled:border-transparent disabled:placeholder-pca-grey-300 dark:disabled:placeholder-pca-grey-800 disabled:text-pca-grey-400 dark:disabled:text-pca-grey-600 w-11 h-11 text-center"
      />
      <div
        aria-invalid="false"
        class="bg-white dark:bg-pca-grey-800/60 border border-pca-grey-900 dark:border-transparent transition-all duration-300 ease-in-out rounded-xl outline-0 p-3 text-sm font-inter text-pca-grey-900 dark:text-white hover:border-pca-blue-700 dark:hover:border-transparent dark:hover:bg-pca-grey-800 focus:border-pca-blue-700 dark:focus:border-pca-grey-700 dark:active:border-pca-grey-700 focus:ring-2 dark:focus:ring-0 active:ring-2 dark:active:ring-0 ring-pca-blue-300 dark:focus:bg-pca-grey-800 dark:active:bg-pca-grey-800 placeholder-pca-grey-400 dark:placeholder-pca-grey-500 placeholder-sm placeholder-font-inter disabled:pointer-events-none disabled:bg-pca-grey-100 dark:disabled:bg-pca-grey-800/30 disabled:border-pca-grey-200 dark:disabled:border-transparent disabled:placeholder-pca-grey-300 dark:disabled:placeholder-pca-grey-800 disabled:text-pca-grey-400 dark:disabled:text-pca-grey-600 w-11 h-11 text-center"
      />
      <div
        aria-invalid="false"
        class="bg-white dark:bg-pca-grey-800/60 border border-pca-grey-900 dark:border-transparent transition-all duration-300 ease-in-out rounded-xl outline-0 p-3 text-sm font-inter text-pca-grey-900 dark:text-white hover:border-pca-blue-700 dark:hover:border-transparent dark:hover:bg-pca-grey-800 focus:border-pca-blue-700 dark:focus:border-pca-grey-700 dark:active:border-pca-grey-700 focus:ring-2 dark:focus:ring-0 active:ring-2 dark:active:ring-0 ring-pca-blue-300 dark:focus:bg-pca-grey-800 dark:active:bg-pca-grey-800 placeholder-pca-grey-400 dark:placeholder-pca-grey-500 placeholder-sm placeholder-font-inter disabled:pointer-events-none disabled:bg-pca-grey-100 dark:disabled:bg-pca-grey-800/30 disabled:border-pca-grey-200 dark:disabled:border-transparent disabled:placeholder-pca-grey-300 dark:disabled:placeholder-pca-grey-800 disabled:text-pca-grey-400 dark:disabled:text-pca-grey-600 w-11 h-11 text-center"
      />
      <div
        style="position: absolute; pointer-events: none;"
      >
        <input
          autocomplete="one-time-code"
          data-1p-ignore="true"
          data-input-otp="true"
          data-input-otp-mse="0"
          data-input-otp-mss="0"
          data-input-otp-placeholder-shown="true"
          data-lpignore="true"
          id="otp"
          inputmode="numeric"
          maxlength="6"
          name="otp"
          spellcheck="false"
          style="position: absolute; width: 100%; height: 100%; display: flex; text-align: left; opacity: 1; color: transparent; pointer-events: all; background: transparent; caret-color: transparent; border: 0px solid transparent; box-shadow: none; line-height: 1; letter-spacing: -0.5em; font-family: monospace; font-variant-numeric: tabular-nums; outline-color: transparent; outline-style: solid; outline-width: 0px;"
          value=""
        />
      </div>
    </div>
    <span
      class="antialiased font-inter text-xs font-normal text-pca-grey-900 dark:text-white"
    >
      Enter the 6-digit code
    </span>
  </div>
  <button
    class="relative overflow-hidden active:scale-[0.97] flex items-center justify-center gap-2 transition-all duration-300 ease-in-out h-9 rounded-xl px-3 py-2 flex-row text-pca-white bg-pca-grey-900 hover:bg-pca-grey-800 focus:outline-hidden focus:ring-2 focus:ring-pca-grey-300 active:bg-pca-grey-800 dark:text-pca-grey-900 dark:bg-pca-white dark:hover:bg-pca-grey-300 dark:focus:outline-hidden dark:focus:ring-2 dark:focus:ring-pca-grey-300 dark:active:bg-pca-grey-300"
    type="submit"
  >
    <span
      class="antialiased font-inter text-sm text-pca-grey-900 dark:text-white font-medium text-inherit! leading-none"
    >
      Submit
    </span>
  </button>
</div>
`;
