// Vitest Snapshot v1, https://vitest.dev/guide/snapshot.html

exports[`active > matches snapshot 1`] = `
<div>
  <button
    aria-pressed="true"
    class="relative overflow-hidden active:scale-[0.96] motion-reduce:active:scale-100 flex items-center justify-center gap-2 rounded-xl px-4 py-2 lg:px-3 flex-row transition-[background-color,color,box-shadow,scale] duration-150 ease-out motion-reduce:transition-none h-11 lg:h-9 focus:outline-hidden focus-visible:ring-2 focus-visible:ring-pca-grey-500 bg-transparent text-pca-grey-900 hover:bg-pca-grey-200 active:bg-pca-grey-200 dark:bg-transparent dark:text-pca-white dark:hover:bg-pca-grey-800 dark:active:bg-pca-grey-800 bg-pca-grey-900! text-pca-white! dark:text-pca-grey-900! dark:bg-pca-white!"
  >
    <span
      class="antialiased font-inter text-sm text-pca-grey-900 dark:text-white font-medium text-inherit! leading-none"
    >
      Toggle
    </span>
  </button>
</div>
`;

exports[`not active > matches snapshot 1`] = `
<div>
  <button
    aria-pressed="false"
    class="relative overflow-hidden active:scale-[0.96] motion-reduce:active:scale-100 flex items-center justify-center gap-2 rounded-xl px-4 py-2 lg:px-3 flex-row transition-[background-color,color,box-shadow,scale] duration-150 ease-out motion-reduce:transition-none h-11 lg:h-9 focus:outline-hidden focus-visible:ring-2 focus-visible:ring-pca-grey-500 bg-transparent text-pca-grey-900 hover:bg-pca-grey-200 active:bg-pca-grey-200 dark:bg-transparent dark:text-pca-white dark:hover:bg-pca-grey-800 dark:active:bg-pca-grey-800"
  >
    <span
      class="antialiased font-inter text-sm text-pca-grey-900 dark:text-white font-medium text-inherit! leading-none"
    >
      Toggle
    </span>
  </button>
</div>
`;
