// Vitest Snapshot v1, https://vitest.dev/guide/snapshot.html

exports[`OneTimePasswordField > renders the text field with label 1`] = `
<div>
  <div
    class="flex justify-between w-full"
    data-orientation="horizontal"
    role="group"
    style="outline-color: none; outline-style: none; outline-width: initial;"
    tabindex="0"
  >
    <div
      class="flex flex-col gap-2 group"
    >
      <input
        aria-invalid="false"
        aria-label="Character 1 of 6"
        autocomplete="one-time-code"
        class="bg-white dark:bg-pca-grey-800/60 border border-pca-grey-900 dark:border-transparent transition-all duration-300 ease-in-out rounded-xl outline-0 p-3 text-sm font-inter text-pca-grey-900 dark:text-white hover:border-pca-blue-700 dark:hover:border-transparent dark:hover:bg-pca-grey-800 focus:border-pca-blue-700 dark:focus:border-pca-grey-700 dark:active:border-pca-grey-700 focus:ring-2 dark:focus:ring-0 active:ring-2 dark:active:ring-0 ring-pca-blue-300 dark:focus:bg-pca-grey-800 dark:active:bg-pca-grey-800 placeholder-pca-grey-400 dark:placeholder-pca-grey-500 placeholder-sm placeholder-font-inter disabled:pointer-events-none disabled:bg-pca-grey-100 dark:disabled:bg-pca-grey-800/30 disabled:border-pca-grey-200 dark:disabled:border-transparent disabled:placeholder-pca-grey-300 dark:disabled:placeholder-pca-grey-800 w-11 h-11 text-center"
        data-orientation="horizontal"
        data-radix-collection-item=""
        data-radix-index="0"
        data-radix-otp-input=""
        id="otp-0"
        inputmode="numeric"
        maxlength="6"
        pattern="\\d{1}"
        tabindex="-1"
        type="text"
        value=""
      />
    </div>
    <div
      class="flex flex-col gap-2 group"
    >
      <input
        aria-invalid="false"
        aria-label="Character 2 of 6"
        autocomplete="off"
        class="bg-white dark:bg-pca-grey-800/60 border border-pca-grey-900 dark:border-transparent transition-all duration-300 ease-in-out rounded-xl outline-0 p-3 text-sm font-inter text-pca-grey-900 dark:text-white hover:border-pca-blue-700 dark:hover:border-transparent dark:hover:bg-pca-grey-800 focus:border-pca-blue-700 dark:focus:border-pca-grey-700 dark:active:border-pca-grey-700 focus:ring-2 dark:focus:ring-0 active:ring-2 dark:active:ring-0 ring-pca-blue-300 dark:focus:bg-pca-grey-800 dark:active:bg-pca-grey-800 placeholder-pca-grey-400 dark:placeholder-pca-grey-500 placeholder-sm placeholder-font-inter disabled:pointer-events-none disabled:bg-pca-grey-100 dark:disabled:bg-pca-grey-800/30 disabled:border-pca-grey-200 dark:disabled:border-transparent disabled:placeholder-pca-grey-300 dark:disabled:placeholder-pca-grey-800 w-11 h-11 text-center"
        data-1p-ignore="true"
        data-bwignore="true"
        data-lpignore="true"
        data-orientation="horizontal"
        data-protonpass-ignore="true"
        data-radix-collection-item=""
        data-radix-index="1"
        data-radix-otp-input=""
        id="otp-1"
        inputmode="numeric"
        maxlength="1"
        pattern="\\d{1}"
        tabindex="-1"
        type="text"
        value=""
      />
    </div>
    <div
      class="flex flex-col gap-2 group"
    >
      <input
        aria-invalid="false"
        aria-label="Character 3 of 6"
        autocomplete="off"
        class="bg-white dark:bg-pca-grey-800/60 border border-pca-grey-900 dark:border-transparent transition-all duration-300 ease-in-out rounded-xl outline-0 p-3 text-sm font-inter text-pca-grey-900 dark:text-white hover:border-pca-blue-700 dark:hover:border-transparent dark:hover:bg-pca-grey-800 focus:border-pca-blue-700 dark:focus:border-pca-grey-700 dark:active:border-pca-grey-700 focus:ring-2 dark:focus:ring-0 active:ring-2 dark:active:ring-0 ring-pca-blue-300 dark:focus:bg-pca-grey-800 dark:active:bg-pca-grey-800 placeholder-pca-grey-400 dark:placeholder-pca-grey-500 placeholder-sm placeholder-font-inter disabled:pointer-events-none disabled:bg-pca-grey-100 dark:disabled:bg-pca-grey-800/30 disabled:border-pca-grey-200 dark:disabled:border-transparent disabled:placeholder-pca-grey-300 dark:disabled:placeholder-pca-grey-800 w-11 h-11 text-center"
        data-1p-ignore="true"
        data-bwignore="true"
        data-lpignore="true"
        data-orientation="horizontal"
        data-protonpass-ignore="true"
        data-radix-collection-item=""
        data-radix-index="2"
        data-radix-otp-input=""
        id="otp-2"
        inputmode="numeric"
        maxlength="1"
        pattern="\\d{1}"
        tabindex="-1"
        type="text"
        value=""
      />
    </div>
    <div
      class="flex flex-col gap-2 group"
    >
      <input
        aria-invalid="false"
        aria-label="Character 4 of 6"
        autocomplete="off"
        class="bg-white dark:bg-pca-grey-800/60 border border-pca-grey-900 dark:border-transparent transition-all duration-300 ease-in-out rounded-xl outline-0 p-3 text-sm font-inter text-pca-grey-900 dark:text-white hover:border-pca-blue-700 dark:hover:border-transparent dark:hover:bg-pca-grey-800 focus:border-pca-blue-700 dark:focus:border-pca-grey-700 dark:active:border-pca-grey-700 focus:ring-2 dark:focus:ring-0 active:ring-2 dark:active:ring-0 ring-pca-blue-300 dark:focus:bg-pca-grey-800 dark:active:bg-pca-grey-800 placeholder-pca-grey-400 dark:placeholder-pca-grey-500 placeholder-sm placeholder-font-inter disabled:pointer-events-none disabled:bg-pca-grey-100 dark:disabled:bg-pca-grey-800/30 disabled:border-pca-grey-200 dark:disabled:border-transparent disabled:placeholder-pca-grey-300 dark:disabled:placeholder-pca-grey-800 w-11 h-11 text-center"
        data-1p-ignore="true"
        data-bwignore="true"
        data-lpignore="true"
        data-orientation="horizontal"
        data-protonpass-ignore="true"
        data-radix-collection-item=""
        data-radix-index="3"
        data-radix-otp-input=""
        id="otp-3"
        inputmode="numeric"
        maxlength="1"
        pattern="\\d{1}"
        tabindex="-1"
        type="text"
        value=""
      />
    </div>
    <div
      class="flex flex-col gap-2 group"
    >
      <input
        aria-invalid="false"
        aria-label="Character 5 of 6"
        autocomplete="off"
        class="bg-white dark:bg-pca-grey-800/60 border border-pca-grey-900 dark:border-transparent transition-all duration-300 ease-in-out rounded-xl outline-0 p-3 text-sm font-inter text-pca-grey-900 dark:text-white hover:border-pca-blue-700 dark:hover:border-transparent dark:hover:bg-pca-grey-800 focus:border-pca-blue-700 dark:focus:border-pca-grey-700 dark:active:border-pca-grey-700 focus:ring-2 dark:focus:ring-0 active:ring-2 dark:active:ring-0 ring-pca-blue-300 dark:focus:bg-pca-grey-800 dark:active:bg-pca-grey-800 placeholder-pca-grey-400 dark:placeholder-pca-grey-500 placeholder-sm placeholder-font-inter disabled:pointer-events-none disabled:bg-pca-grey-100 dark:disabled:bg-pca-grey-800/30 disabled:border-pca-grey-200 dark:disabled:border-transparent disabled:placeholder-pca-grey-300 dark:disabled:placeholder-pca-grey-800 w-11 h-11 text-center"
        data-1p-ignore="true"
        data-bwignore="true"
        data-lpignore="true"
        data-orientation="horizontal"
        data-protonpass-ignore="true"
        data-radix-collection-item=""
        data-radix-index="4"
        data-radix-otp-input=""
        id="otp-4"
        inputmode="numeric"
        maxlength="1"
        pattern="\\d{1}"
        tabindex="-1"
        type="text"
        value=""
      />
    </div>
    <div
      class="flex flex-col gap-2 group"
    >
      <input
        aria-invalid="false"
        aria-label="Character 6 of 6"
        autocomplete="off"
        class="bg-white dark:bg-pca-grey-800/60 border border-pca-grey-900 dark:border-transparent transition-all duration-300 ease-in-out rounded-xl outline-0 p-3 text-sm font-inter text-pca-grey-900 dark:text-white hover:border-pca-blue-700 dark:hover:border-transparent dark:hover:bg-pca-grey-800 focus:border-pca-blue-700 dark:focus:border-pca-grey-700 dark:active:border-pca-grey-700 focus:ring-2 dark:focus:ring-0 active:ring-2 dark:active:ring-0 ring-pca-blue-300 dark:focus:bg-pca-grey-800 dark:active:bg-pca-grey-800 placeholder-pca-grey-400 dark:placeholder-pca-grey-500 placeholder-sm placeholder-font-inter disabled:pointer-events-none disabled:bg-pca-grey-100 dark:disabled:bg-pca-grey-800/30 disabled:border-pca-grey-200 dark:disabled:border-transparent disabled:placeholder-pca-grey-300 dark:disabled:placeholder-pca-grey-800 w-11 h-11 text-center"
        data-1p-ignore="true"
        data-bwignore="true"
        data-lpignore="true"
        data-orientation="horizontal"
        data-protonpass-ignore="true"
        data-radix-collection-item=""
        data-radix-index="5"
        data-radix-otp-input=""
        id="otp-5"
        inputmode="numeric"
        maxlength="1"
        pattern="\\d{1}"
        tabindex="-1"
        type="text"
        value=""
      />
    </div>
  </div>
</div>
`;
