// Vitest Snapshot v1, https://vitest.dev/guide/snapshot.html

exports[`CurrentSubscription > shows an active subscription with its renewal date 1`] = `
<div>
  <div
    class="flex flex-col gap-6"
  >
    <div
      class="flex flex-col"
    >
      <span
        class="antialiased font-inter text-xs font-normal text-pca-grey-900 dark:text-white"
      >
        Pencil Case
      </span>
      <div
        class="flex items-center justify-between gap-3"
      >
        <h3
          class="font-inter text-[28px] font-bold antialiased text-pca-grey-900 dark:text-pca-white"
        >
          Pro
        </h3>
        <span
          class="inline-flex items-center justify-center rounded-full px-3 py-1 bg-pca-green-300"
        >
          <span
            class="antialiased font-inter text-xs text-pca-green-900 dark:text-pca-green-900 font-semibold leading-[18px] tracking-[0.02em]"
          >
            Active
          </span>
        </span>
      </div>
      <p
        class="mt-1"
      >
        <span
          class="antialiased font-inter text-base font-normal text-pca-grey-900 dark:text-white"
        >
          25 €
        </span>
        <span
          class="antialiased font-inter text-sm font-normal text-pca-grey-900 dark:text-white"
        >
           / renews yearly
        </span>
      </p>
      <p
        class="antialiased font-inter text-xs font-normal text-pca-grey-600 dark:text-pca-grey-400 mt-0.5"
      >
        Renews at: 06.07.2026
      </p>
    </div>
    <div
      class="transition-all group flex items-center justify-between gap-2 h-12 lg:h-10 pl-3 lg:pl-2 pr-0.5 rounded-xl cursor-pointer active:scale-[0.98] has-aria-[current=page]:bg-pca-grey-200 dark:has-aria-[current=page]:bg-pca-grey-800 hover:bg-pca-grey-100 dark:hover:bg-pca-grey-800 active:bg-pca-grey-100 dark:active:bg-pca-grey-800 has-[:disabled]:pointer-events-none has-[:disabled]:opacity-50"
    >
      <a
        class="flex items-center gap-2 min-w-0 flex-1 py-1 focus:outline-none"
        href="/billing-portal"
        rel="noopener"
        target="_blank"
      >
        <svg
          aria-hidden="true"
          class=""
          fill="transparent"
          focusable="false"
          height="24"
          viewBox="0 0 24 24"
          width="24"
          xmlns="http://www.w3.org/2000/svg"
        >
          <path
            d="M15.3333 8.27316C14.4487 7.48142 13.2806 7 12 7C9.23858 7 7 9.23858 7 12C7 14.7614 9.23858 17 12 17C13.2806 17 14.4487 16.5186 15.3333 15.7268M6 13.5H11M6 10.5H11M22 12C22 17.5228 17.5228 22 12 22C6.47715 22 2 17.5228 2 12C2 6.47715 6.47715 2 12 2C17.5228 2 22 6.47715 22 12Z"
            stroke="currentColor"
            stroke-linecap="round"
            stroke-linejoin="round"
            stroke-width="1.5"
          />
        </svg>
        <span
          class="antialiased font-inter text-sm font-normal text-pca-grey-900 dark:text-white text-left block truncate min-w-0 flex-1"
          title="Manage Subscription"
        >
          Manage Subscription
        </span>
      </a>
      <div
        class="shrink-0 opacity-0 group-hover:opacity-100 group-focus-within:opacity-100 has-data-[state=open]:opacity-100 transition-opacity opacity-100"
      >
        <svg
          aria-hidden="true"
          class="m-1 text-pca-grey-400"
          fill="transparent"
          focusable="false"
          height="24"
          viewBox="0 0 24 24"
          width="24"
          xmlns="http://www.w3.org/2000/svg"
        >
          <path
            d="M15 3H21L21 9M21 3L13 11M10 5H7.8C6.11984 5 5.27976 5 4.63803 5.32698C4.07354 5.6146 3.6146 6.07354 3.32698 6.63803C3 7.27976 3 8.11984 3 9.8V16.2C3 17.8802 3 18.7202 3.32698 19.362C3.6146 19.9265 4.07354 20.3854 4.63803 20.673C5.27976 21 6.11984 21 7.8 21H14.2C15.8802 21 16.7202 21 17.362 20.673C17.9265 20.3854 18.3854 19.9265 18.673 19.362C19 18.7202 19 17.8802 19 16.2V14"
            stroke="currentColor"
            stroke-linecap="round"
            stroke-linejoin="round"
            stroke-width="1.5"
          />
        </svg>
      </div>
    </div>
  </div>
</div>
`;
