// Vitest Snapshot v1, https://vitest.dev/guide/snapshot.html

exports[`DocumentGroup > actionArea > should match snapshot 1`] = `
<div>
  <div
    data-orientation="vertical"
  >
    <div
      data-orientation="vertical"
      data-state="closed"
    >
      <div
        class="sticky top-0 md:-top-4 left-0 group flex items-center gap-2 z-10 bg-pca-white dark:bg-pca-grey-900"
        data-orientation="vertical"
        data-state="closed"
      >
        <button
          aria-expanded="false"
          class="transition-all flex items-center gap-2 min-w-0 h-12 lg:h-10 flex-1 pl-3 lg:pl-2 pr-0.5 py-1 cursor-pointer focus-visible:outline-none rounded-xl active:scale-[0.98] focus-visible:bg-pca-grey-200 dark:focus-visible:ring-0 active:bg-pca-grey-200 dark:active:bg-pca-grey-800 dark:active:ring-0 dark:focus-visible:bg-pca-grey-800 data-[state=open]:bg-pca-grey-100 data-[state=open]:active:bg-pca-grey-200 dark:data-[state=open]:bg-pca-grey-800 dark:active:data-[state=open]:bg-pca-grey-800 hover:bg-pca-grey-100 dark:hover:bg-pca-grey-800 has-data-[state=open]:bg-pca-grey-100 dark:has-data-[state=open]:bg-pca-grey-800"
          data-orientation="vertical"
          data-radix-collection-item=""
          data-state="closed"
          id="radix-_r_l_"
          type="button"
        >
          <svg
            aria-hidden="true"
            class=""
            fill="transparent"
            focusable="false"
            height="24"
            viewBox="0 0 24 24"
            width="24"
            xmlns="http://www.w3.org/2000/svg"
          >
            <path
              d="M12.3086 2.53125L13.584 4.125H21.5137V18.75H19.0957L19.2158 20.127L3.77441 21.4775L2.42383 6.03711L6.01367 5.72168V2.25H12.083L12.3086 2.53125ZM4.04883 7.40039L5.1377 19.8525L17.5908 18.7627L16.6533 8.05371L9.54492 8.67578L7.89844 7.06348L4.04883 7.40039ZM7.51367 5.59082L8.4541 5.50879L10.1006 7.12207L18.0166 6.42871L18.9639 17.25H20.0137V5.625H12.8623L12.6367 5.34375L11.3613 3.75H7.51367V5.59082Z"
              fill="currentColor"
            />
          </svg>
          <span
            class="antialiased font-inter text-sm font-normal text-pca-grey-900 dark:text-white block truncate min-w-0 flex-1 text-left"
            title="Work"
          >
            Work
          </span>
          <div
            class="shrink-0 lg:opacity-0 lg:group-hover:opacity-100 lg:group-focus-within:opacity-100 lg:has-data-[state=open]:opacity-100 transition-opacity"
          >
            <span
              data-testid="action-area"
            >
              Options
            </span>
          </div>
        </button>
      </div>
      <div
        aria-labelledby="radix-_r_l_"
        class="overflow-hidden data-[state=open]:animate-accordion-down data-[state=closed]:animate-accordion-up"
        data-orientation="vertical"
        data-state="closed"
        hidden=""
        id="radix-_r_m_"
        role="region"
        style="--radix-accordion-content-height: var(--radix-collapsible-content-height); --radix-accordion-content-width: var(--radix-collapsible-content-width);"
      />
    </div>
  </div>
</div>
`;
