// Vitest Snapshot v1, https://vitest.dev/guide/snapshot.html

exports[`matches snapshot 1`] = `
<div>
  <form>
    <button
      class="relative overflow-hidden active:scale-[0.97] flex items-center justify-center gap-2 transition-all duration-300 ease-in-out h-9 rounded-xl px-3 py-2 flex-row text-pca-white bg-pca-grey-900 hover:bg-pca-grey-800 focus:outline-hidden focus:ring-2 focus:ring-pca-grey-300 active:bg-pca-grey-800 dark:text-pca-grey-900 dark:bg-pca-white dark:hover:bg-pca-grey-300 dark:focus:outline-hidden dark:focus:ring-2 dark:focus:ring-pca-grey-300 dark:active:bg-pca-grey-300"
      type="submit"
    >
      <span
        class="antialiased font-inter text-sm text-pca-grey-900 dark:text-white font-medium text-inherit! leading-none"
      >
        Submit
      </span>
    </button>
  </form>
</div>
`;
