// Vitest Snapshot v1, https://vitest.dev/guide/snapshot.html

exports[`matches snapshot 1`] = `
<div>
  <form>
    <button
      class="relative overflow-hidden active:scale-[0.96] motion-reduce:active:scale-100 flex items-center justify-center gap-2 transition-[background-color,color,box-shadow,scale] duration-150 ease-out motion-reduce:transition-none h-11 lg:h-9 focus:outline-hidden focus-visible:ring-2 focus-visible:ring-pca-grey-500 rounded-xl px-4 py-2 lg:px-3 flex-row bg-pca-grey-900 text-pca-white hover:bg-pca-grey-800 active:bg-pca-grey-800 dark:bg-pca-white dark:text-pca-grey-900 dark:hover:bg-pca-grey-300 dark:active:bg-pca-grey-300"
      type="submit"
    >
      <span
        class="antialiased font-inter text-sm text-pca-grey-900 dark:text-white font-medium text-inherit! leading-none"
      >
        Submit
      </span>
    </button>
  </form>
</div>
`;
