// Vitest Snapshot v1, https://vitest.dev/guide/snapshot.html

exports[`matches snapshot 1`] = `
<div>
  <div
    class="flex flex-col gap-2"
  >
    <div
      class="flex gap-2"
    >
      <span
        aria-checked="false"
        aria-invalid="false"
        aria-labelledby="sharing-label"
        class="relative inline-flex h-6 w-11 shrink-0 rounded-full p-0.5 outline-0 transition-colors duration-200 ease-in-out cursor-pointer bg-pca-grey-400 dark:bg-pca-grey-600 hover:bg-pca-grey-600 dark:hover:bg-pca-grey-800 focus:bg-pca-grey-300 dark:focus:bg-pca-grey-700 focus:ring-2 focus:ring-pca-grey-200 dark:focus:ring-pca-grey-500 data-checked:bg-pca-green-700 data-checked:hover:bg-pca-green-900 data-checked:focus:bg-pca-green-700 data-checked:focus:ring-pca-green-300"
        data-unchecked=""
        id="base-ui-_r_1_"
        role="switch"
        tabindex="0"
      >
        <span
          class="block size-5 rounded-full shadow-primary transition-transform duration-200 ease-in-out data-checked:translate-x-5 bg-pca-white"
          data-unchecked=""
        />
      </span>
      <input
        aria-hidden="true"
        id="sharing"
        name="sharing"
        style="overflow: hidden; white-space: nowrap; position: fixed; top: 0px; left: 0px; border: 0px; padding: 0px; width: 1px; height: 1px; margin: -1px;"
        tabindex="-1"
        type="checkbox"
      />
      <label
        class="antialiased font-inter text-sm text-pca-grey-900 dark:text-pca-grey-300 font-semibold py-0.5 select-none cursor-pointer"
        for="sharing"
        id="sharing-label"
      >
        Link sharing
      </label>
    </div>
  </div>
</div>
`;
